{
  "version" : "",
  "timestamp" : 1526095032,
  "issues" : [ {
    "severity" : "WARNING",
    "id" : "STRUCT_ARRAY_NOTATION",
    "message" : "STRUCT_ARRAY_NOTATION",
    "category" : "CFLINT",
    "abbrev" : "SA",
    "locations" : [ {
      "file" : "src\\test\\resources\\com\\cflint\\tests\\TooManyFunctionsChecker\\StructKeyQuoted\\dotNotation_405.cfc",
      "fileName" : "dotNotation_405.cfc",
      "function" : "x",
      "offset" : 45,
      "column" : 3,
      "line" : 4,
      "message" : "Unquoted struct key yetAnotherKey is not case-sensitive.  Using array notation is recommended.",
      "variable" : "yetAnotherKey",
      "expression" : "sampleStruct.yetAnotherKey"
    } ]
  }, {
    "severity" : "WARNING",
    "id" : "STRUCT_ARRAY_NOTATION",
    "message" : "STRUCT_ARRAY_NOTATION",
    "category" : "CFLINT",
    "abbrev" : "SA",
    "locations" : [ {
      "file" : "src\\test\\resources\\com\\cflint\\tests\\TooManyFunctionsChecker\\StructKeyQuoted\\dotNotation_405.cfc",
      "fileName" : "dotNotation_405.cfc",
      "function" : "x",
      "offset" : 106,
      "column" : 3,
      "line" : 6,
      "message" : "Unquoted struct key yetAnotherKey is not case-sensitive.  Using array notation is recommended.",
      "variable" : "yetAnotherKey",
      "expression" : "sampleStruct.yetAnotherKey"
    } ]
  }, {
    "severity" : "WARNING",
    "id" : "STRUCT_ARRAY_NOTATION",
    "message" : "STRUCT_ARRAY_NOTATION",
    "category" : "CFLINT",
    "abbrev" : "SA",
    "locations" : [ {
      "file" : "src\\test\\resources\\com\\cflint\\tests\\TooManyFunctionsChecker\\StructKeyQuoted\\dotNotation_405.cfc",
      "fileName" : "dotNotation_405.cfc",
      "function" : "x",
      "offset" : 258,
      "column" : 3,
      "line" : 9,
      "message" : "Unquoted struct key bar is not case-sensitive.  Using array notation is recommended.",
      "variable" : "bar",
      "expression" : "sampleStruct.foo().bar"
    } ]
  } ],
  "counts" : {
    "totalFiles" : 0,
    "totalLines" : 0,
    "countByCode" : [ {
      "code" : "STRUCT_ARRAY_NOTATION",
      "count" : 3
    } ],
    "countBySeverity" : [ {
      "severity" : "WARNING",
      "count" : 3
    } ]
  }
}