{
  "version" : "",
  "timestamp" : 1526095032,
  "issues" : [ {
    "severity" : "WARNING",
    "id" : "UNQUOTED_STRUCT_KEY",
    "message" : "UNQUOTED_STRUCT_KEY",
    "category" : "CFLINT",
    "abbrev" : "US",
    "locations" : [ {
      "file" : "src\\test\\resources\\com\\cflint\\tests\\TooManyFunctionsChecker\\StructKeyQuoted\\unquotedStructKeyNested.cfc",
      "fileName" : "unquotedStructKeyNested.cfc",
      "function" : "x",
      "offset" : 73,
      "column" : 15,
      "line" : 5,
      "message" : "Unquoted struct key mySubKey is not case-sensitive.  Quoting it is recommended.",
      "variable" : "mySubKey",
      "expression" : "{mySubKey:'123'}"
    } ]
  } ],
  "counts" : {
    "totalFiles" : 0,
    "totalLines" : 0,
    "countByCode" : [ {
      "code" : "UNQUOTED_STRUCT_KEY",
      "count" : 1
    } ],
    "countBySeverity" : [ {
      "severity" : "WARNING",
      "count" : 1
    } ]
  }
}