{
  "version" : "",
  "timestamp" : 1526095038,
  "issues" : [ {
    "severity" : "INFO",
    "id" : "AVOID_USING_WRITEDUMP",
    "message" : "AVOID_USING_WRITEDUMP",
    "category" : "CFLINT",
    "abbrev" : "AU",
    "locations" : [ {
      "file" : "src\\test\\resources\\com\\cflint\\tests\\WriteDumpChecker\\writeDump.cfc",
      "fileName" : "writeDump.cfc",
      "function" : "helloWorld",
      "offset" : 231,
      "column" : 5,
      "line" : 6,
      "message" : "Avoid using the writeDump function in production code.",
      "variable" : "writeDump",
      "expression" : "writeDump(name)"
    } ]
  } ],
  "counts" : {
    "totalFiles" : 0,
    "totalLines" : 0,
    "countByCode" : [ {
      "code" : "AVOID_USING_WRITEDUMP",
      "count" : 1
    } ],
    "countBySeverity" : [ {
      "severity" : "INFO",
      "count" : 1
    } ]
  }
}