{
  "version" : "",
  "timestamp" : 0,
  "issues" : [ {
    "severity" : "WARNING",
    "id" : "COMPARE_INSTEAD_OF_ASSIGN",
    "message" : "COMPARE_INSTEAD_OF_ASSIGN",
    "category" : "CFLINT",
    "abbrev" : "CI",
    "locations" : [ {
      "file" : "src/test/resources/com/cflint/tests/CompareInsteadOfAssign/Compare1.cfm",
      "fileName" : "Compare1.cfm",
      "function" : "",
      "offset" : 99,
      "column" : 5,
      "line" : 6,
      "message" : "CWE-482: Comparing instead of Assigning",
      "variable" : "==",
      "expression" : "x.x == 2"
    } ]
  }, {
    "severity" : "WARNING",
    "id" : "COMPARE_INSTEAD_OF_ASSIGN",
    "message" : "COMPARE_INSTEAD_OF_ASSIGN",
    "category" : "CFLINT",
    "abbrev" : "CI",
    "locations" : [ {
      "file" : "src/test/resources/com/cflint/tests/CompareInsteadOfAssign/Compare1.cfm",
      "fileName" : "Compare1.cfm",
      "function" : "",
      "offset" : 135,
      "column" : 5,
      "line" : 10,
      "message" : "CWE-482: Comparing instead of Assigning",
      "variable" : "EQ",
      "expression" : "x.x EQ 6"
    } ]
  } ],
  "counts" : {
    "totalFiles" : 0,
    "totalLines" : 0,
    "countByCode" : [ {
      "code" : "COMPARE_INSTEAD_OF_ASSIGN",
      "count" : 2
    } ],
    "countBySeverity" : [ {
      "severity" : "WARNING",
      "count" : 2
    } ]
  }
}