{
  "version" : "",
  "timestamp" : 1526095036,
  "issues" : [ {
    "severity" : "ERROR",
    "id" : "MISSING_VAR",
    "message" : "MISSING_VAR",
    "category" : "CFLINT",
    "abbrev" : "MV",
    "locations" : [ {
      "file" : "src\\test\\resources\\com\\cflint\\tests\\VarScoper\\cfquery_scoper.cfc",
      "fileName" : "cfquery_scoper.cfc",
      "function" : "foo",
      "offset" : 306,
      "column" : 3,
      "line" : 15,
      "message" : "Variable siteID is not declared with a var statement.",
      "variable" : "siteID",
      "expression" : "siteID"
    } ]
  } ],
  "counts" : {
    "totalFiles" : 0,
    "totalLines" : 0,
    "countByCode" : [ {
      "code" : "MISSING_VAR",
      "count" : 1
    } ],
    "countBySeverity" : [ {
      "severity" : "ERROR",
      "count" : 1
    } ]
  }
}