{
  "version" : "",
  "timestamp" : 1526095038,
  "issues" : [ {
    "severity" : "ERROR",
    "id" : "MISSING_VAR",
    "message" : "MISSING_VAR",
    "category" : "CFLINT",
    "abbrev" : "MV",
    "locations" : [ {
      "file" : "src\\test\\resources\\com\\cflint\\tests\\VarScoper\\structUse_404.cfc",
      "fileName" : "structUse_404.cfc",
      "function" : "foo",
      "offset" : 73,
      "column" : 3,
      "line" : 4,
      "message" : "Variable tokenizedAddress is not declared with a var statement.",
      "variable" : "tokenizedAddress",
      "expression" : "tokenizedAddress.streetName"
    } ]
  }, {
    "severity" : "ERROR",
    "id" : "MISSING_VAR",
    "message" : "MISSING_VAR",
    "category" : "CFLINT",
    "abbrev" : "MV",
    "locations" : [ {
      "file" : "src\\test\\resources\\com\\cflint\\tests\\VarScoper\\structUse_404.cfc",
      "fileName" : "structUse_404.cfc",
      "function" : "foo",
      "offset" : 184,
      "column" : 4,
      "line" : 7,
      "message" : "Variable tokenizedAddress2 is not declared with a var statement.",
      "variable" : "tokenizedAddress2",
      "expression" : "tokenizedAddress2.streetName"
    } ]
  } ],
  "counts" : {
    "totalFiles" : 0,
    "totalLines" : 0,
    "countByCode" : [ {
      "code" : "MISSING_VAR",
      "count" : 2
    } ],
    "countBySeverity" : [ {
      "severity" : "ERROR",
      "count" : 2
    } ]
  }
}