{
  "version" : "",
  "timestamp" : 1526095030,
  "issues" : [ {
    "severity" : "ERROR",
    "id" : "MISSING_VAR",
    "message" : "MISSING_VAR",
    "category" : "CFLINT",
    "abbrev" : "MV",
    "locations" : [ {
      "file" : "src\\test\\resources\\com\\cflint\\tests\\Parsing\\parsing253.cfm",
      "fileName" : "parsing253.cfm",
      "function" : "foo",
      "offset" : 61,
      "column" : 7,
      "line" : 4,
      "message" : "Variable removeTagList is not declared with a var statement.",
      "variable" : "removeTagList",
      "expression" : "removeTagList"
    } ]
  } ],
  "counts" : {
    "totalFiles" : 0,
    "totalLines" : 0,
    "countByCode" : [ {
      "code" : "MISSING_VAR",
      "count" : 1
    } ],
    "countBySeverity" : [ {
      "severity" : "ERROR",
      "count" : 1
    } ]
  }
}