{
  "version" : "",
  "timestamp" : 1526095023,
  "issues" : [ {
    "severity" : "WARNING",
    "id" : "AVOID_EMPTY_FILES",
    "message" : "AVOID_EMPTY_FILES",
    "category" : "CFLINT",
    "abbrev" : "AE",
    "locations" : [ {
      "file" : "src\\test\\resources\\com\\cflint\\tests\\EmptyFile\\fooWS.cfc",
      "fileName" : "fooWS.cfc",
      "function" : "",
      "offset" : 0,
      "column" : 1,
      "line" : 1,
      "message" : "CF file is empty: ${file}",
      "variable" : "",
      "expression" : ""
    } ]
  } ],
  "counts" : {
    "totalFiles" : 0,
    "totalLines" : 0,
    "countByCode" : [ {
      "code" : "AVOID_EMPTY_FILES",
      "count" : 1
    } ],
    "countBySeverity" : [ {
      "severity" : "WARNING",
      "count" : 1
    } ]
  }
}