{
  "version" : "",
  "timestamp" : 1568522069,
  "issues" : [ {
    "severity" : "INFO",
    "id" : "ARG_VAR_MIXED",
    "message" : "ARG_VAR_MIXED",
    "category" : "CFLINT",
    "abbrev" : "AV",
    "locations" : [ {
      "file" : "src\\test\\resources\\com\\cflint\\tests\\ArgVarChecker\\mixed_471.cfc",
      "fileName" : "mixed_471.cfc",
      "function" : "foo",
      "offset" : 226,
      "column" : 24,
      "line" : 6,
      "message" : "Variable myvar should not be referenced in local and argument scope.",
      "variable" : "myvar",
      "expression" : "myvar"
    } ]
  } ],
  "counts" : {
    "totalFiles" : 0,
    "totalLines" : 0,
    "countByCode" : [ {
      "code" : "ARG_VAR_MIXED",
      "count" : 1
    } ],
    "countBySeverity" : [ {
      "severity" : "INFO",
      "count" : 1
    } ]
  }
}