{
  "version" : "",
  "timestamp" : 1526095025,
  "issues" : [ {
    "severity" : "ERROR",
    "id" : "MISSING_VAR",
    "message" : "MISSING_VAR",
    "category" : "CFLINT",
    "abbrev" : "MV",
    "locations" : [ {
      "file" : "src\\test\\resources\\com\\cflint\\tests\\Ignores\\ignoreCFMLComponent.cfc",
      "fileName" : "ignoreCFMLComponent.cfc",
      "function" : "testFunction",
      "offset" : 163,
      "column" : 6,
      "line" : 8,
      "message" : "Variable someVar is not declared with a var statement.",
      "variable" : "someVar",
      "expression" : "someVar"
    } ]
  } ],
  "counts" : {
    "totalFiles" : 0,
    "totalLines" : 0,
    "countByCode" : [ {
      "code" : "MISSING_VAR",
      "count" : 1
    } ],
    "countBySeverity" : [ {
      "severity" : "ERROR",
      "count" : 1
    } ]
  }
}