{
  "version" : "",
  "timestamp" : 1526095027,
  "issues" : [ {
    "severity" : "WARNING",
    "id" : "PACKAGE_CASE_MISMATCH",
    "message" : "PACKAGE_CASE_MISMATCH",
    "category" : "CFLINT",
    "abbrev" : "PC",
    "locations" : [ {
      "file" : "src\\test\\resources\\com\\cflint\\tests\\PackageCase\\packagecase_nok.cfc",
      "fileName" : "packagecase_nok.cfc",
      "function" : "",
      "offset" : 12,
      "column" : 1,
      "line" : 2,
      "message" : "The case of the package folder and the object declaration do not match for tests.PackageCase.packagecase_nok.",
      "variable" : "tests.PackageCase.packagecase_nok",
      "expression" : "new tests.packagecase.packagecase_nok()"
    } ]
  } ],
  "counts" : {
    "totalFiles" : 0,
    "totalLines" : 0,
    "countByCode" : [ {
      "code" : "PACKAGE_CASE_MISMATCH",
      "count" : 1
    } ],
    "countBySeverity" : [ {
      "severity" : "WARNING",
      "count" : 1
    } ]
  }
}